../Core/Src/main.c:74:6:init_chip	16	static
../Core/Src/main.c:113:5:_write	24	static
../Core/Src/main.c:123:6:req_cell_volt	16	static
../Core/Src/main.c:133:6:HAL_GPIO_EXTI_Callback	16	static
../Core/Src/main.c:149:6:HAL_UART_RxCpltCallback	16	static
../Core/Src/main.c:158:6:fault_flag_status	8	static
../Core/Src/main.c:173:6:print_cell_voltages	40	static
../Core/Src/main.c:198:6:measure_pack_current	8	static
../Core/Src/main.c:219:6:pack_overcurrent_check	24	static
../Core/Src/main.c:233:5:check_first_reading	16	static
../Core/Src/main.c:249:6:HAL_ADC_ConvCpltCallback	16	static
../Core/Src/main.c:257:6:compute_soc_stats	40	static
../Core/Src/main.c:286:6:assess_equalisation	16	static
../Core/Src/main.c:304:5:main	144	static
../Core/Src/main.c:378:6:SystemClock_Config	88	static
../Core/Src/main.c:421:6:Error_Handler	4	static,ignoring_inline_asm
